14:56:52 **** Build of configuration Debug for project test1 ****
make -j8 all 
arm-none-eabi-gcc "../Src/main.c" -mcpu=cortex-m4 -std=gnu11 -g3 -DUSE_HAL_DRIVER -DSTM32L471xx -DDEBUG -c -I../Middlewares/Third_Party/FreeRTOS/Source/include -I../Middlewares/Third_Party/FreeRTOS/Source/portable/GCC/ARM_CM4F -I../Inc -I../Drivers/CMSIS/Include -I../Drivers/CMSIS/Device/ST/STM32L4xx/Include -I../Drivers/STM32L4xx_HAL_Driver/Inc -I../Middlewares/Third_Party/FreeRTOS/Source/CMSIS_RTOS_V2 -I../Drivers/STM32L4xx_HAL_Driver/Inc/Legacy -I"F:/stm32_cube_ide_source/cyt_rtos/examples/../components/log" -I"F:/stm32_cube_ide_source/cyt_rtos/examples/../components/cyt_list" -I"F:/stm32_cube_ide_source/cyt_rtos/examples/../components/priv_os" -I"F:/stm32_cube_ide_source/cyt_rtos/examples/../components/register" -O0 -ffunction-sections -fdata-sections -Wall -fstack-usage -MMD -MP -MF"Src/main.d" -MT"Src/main.o" --specs=nano.specs -mfpu=fpv4-sp-d16 -mfloat-abi=hard -mthumb -o "Src/main.o"
arm-none-eabi-gcc -o "test1.elf" @"objects.list"   -mcpu=cortex-m4 -T"F:\stm32_cube_ide_source\cyt_rtos\examples\test1\STM32L471RETX_FLASH.ld" --specs=nosys.specs -Wl,-Map="test1.map" -Wl,--gc-sections -static --specs=nano.specs -mfpu=fpv4-sp-d16 -mfloat-abi=hard -mthumb -Wl,--start-group -lc -lm -Wl,--end-group
Finished building target: test1.elf
 
arm-none-eabi-objdump -h -S  test1.elf  > "test1.list"
arm-none-eabi-size   test1.elf 
   text	   data	    bss	    dec	    hex	filename
  41116	    184	   8396	  49696	   c220	test1.elf
Finished building: default.size.stdout
 
Finished building: test1.list
 
14:57:02 **** Incremental Build of configuration Debug for project test1 ****
make -j8 all 
arm-none-eabi-size   test1.elf 
   text	   data	    bss	    dec	    hex	filename
  41116	    184	   8396	  49696	   c220	test1.elf
Finished building: default.size.stdout
 
